{
  "filters_used": [
    {
      "path": "detect_secrets.filters.allowlist.is_line_allowlisted"
    },
    {
      "filename": ".secrets.baseline",
      "path": "detect_secrets.filters.common.is_baseline_file"
    },
    {
      "min_level": 2,
      "path": "detect_secrets.filters.common.is_ignored_due_to_verification_policies"
    },
    {
      "path": "detect_secrets.filters.heuristic.is_indirect_reference"
    },
    {
      "path": "detect_secrets.filters.heuristic.is_likely_id_string"
    },
    {
      "path": "detect_secrets.filters.heuristic.is_lock_file"
    },
    {
      "path": "detect_secrets.filters.heuristic.is_not_alphanumeric_string"
    },
    {
      "path": "detect_secrets.filters.heuristic.is_potential_uuid"
    },
    {
      "path": "detect_secrets.filters.heuristic.is_prefixed_with_dollar_sign"
    },
    {
      "path": "detect_secrets.filters.heuristic.is_sequential_string"
    },
    {
      "path": "detect_secrets.filters.heuristic.is_swagger_file"
    },
    {
      "path": "detect_secrets.filters.heuristic.is_templated_secret"
    }
  ],
  "generated_at": "2026-06-12T19:32:02Z",
  "plugins_used": [
    {
      "name": "ArtifactoryDetector"
    },
    {
      "name": "AWSKeyDetector"
    },
    {
      "name": "AzureStorageKeyDetector"
    },
    {
      "limit": 4.5,
      "name": "Base64HighEntropyString"
    },
    {
      "name": "BasicAuthDetector"
    },
    {
      "name": "CloudantDetector"
    },
    {
      "name": "DiscordBotTokenDetector"
    },
    {
      "name": "GitHubTokenDetector"
    },
    {
      "name": "GitLabTokenDetector"
    },
    {
      "limit": 3.0,
      "name": "HexHighEntropyString"
    },
    {
      "name": "IbmCloudIamDetector"
    },
    {
      "name": "IbmCosHmacDetector"
    },
    {
      "name": "IPPublicDetector"
    },
    {
      "name": "JwtTokenDetector"
    },
    {
      "keyword_exclude": "",
      "name": "KeywordDetector"
    },
    {
      "name": "MailchimpDetector"
    },
    {
      "name": "NpmDetector"
    },
    {
      "name": "OpenAIDetector"
    },
    {
      "name": "PrivateKeyDetector"
    },
    {
      "name": "PypiTokenDetector"
    },
    {
      "name": "SendGridDetector"
    },
    {
      "name": "SlackDetector"
    },
    {
      "name": "SoftlayerDetector"
    },
    {
      "name": "SquareOAuthDetector"
    },
    {
      "name": "StripeDetector"
    },
    {
      "name": "TelegramBotTokenDetector"
    },
    {
      "name": "TwilioKeyDetector"
    }
  ],
  "results": {
    "packages/scanners/tests/fixtures/obfuscation/hidden.py": [
      {
        "filename": "packages/scanners/tests/fixtures/obfuscation/hidden.py",
        "hashed_secret": "c2f32690b117adc903ddf63a5a39d34e13ce8e0d",
        "is_verified": false,
        "line_number": 2,
        "type": "Base64 High Entropy String"
      }
    ],
    "packages/scanners/tests/fixtures/secrets_detection/config.py": [
      {
        "filename": "packages/scanners/tests/fixtures/secrets_detection/config.py",
        "hashed_secret": "25910f981e85ca04baf359199dd0bd4a3ae738b6",
        "is_verified": false,
        "line_number": 2,
        "type": "AWS Access Key"
      },
      {
        "filename": "packages/scanners/tests/fixtures/secrets_detection/config.py",
        "hashed_secret": "cb49daff5962744f1ebee4fc2809c03933ad990a",
        "is_verified": false,
        "line_number": 3,
        "type": "Base64 High Entropy String"
      },
      {
        "filename": "packages/scanners/tests/fixtures/secrets_detection/config.py",
        "hashed_secret": "e175c6f5f2a92e8623bd9a4820edb4e8c1b0fd10",
        "is_verified": false,
        "line_number": 3,
        "type": "GitHub Token"
      },
      {
        "filename": "packages/scanners/tests/fixtures/secrets_detection/config.py",
        "hashed_secret": "e1dae70932bf4822de42623e7d51c1abc5761ba0",
        "is_verified": false,
        "line_number": 4,
        "type": "Basic Auth Credentials"
      },
      {
        "filename": "packages/scanners/tests/fixtures/secrets_detection/config.py",
        "hashed_secret": "f2f299652da692a14dd507dea5a2a3225dd098fb",
        "is_verified": false,
        "line_number": 5,
        "type": "Base64 High Entropy String"
      },
      {
        "filename": "packages/scanners/tests/fixtures/secrets_detection/config.py",
        "hashed_secret": "125fbc14773f228e72f16d55be21bad750d30b19",
        "is_verified": false,
        "line_number": 6,
        "type": "Hex High Entropy String"
      },
      {
        "filename": "packages/scanners/tests/fixtures/secrets_detection/config.py",
        "hashed_secret": "125fbc14773f228e72f16d55be21bad750d30b19",
        "is_verified": false,
        "line_number": 6,
        "type": "Secret Keyword"
      },
      {
        "filename": "packages/scanners/tests/fixtures/secrets_detection/config.py",
        "hashed_secret": "92317750de89377ba5097edf8bfcef17784eae33",
        "is_verified": false,
        "line_number": 7,
        "type": "Secret Keyword"
      }
    ]
  },
  "version": "1.5.0"
}