{
  "version": "1.5.0",
  "plugins_used": [
    {
      "name": "ArtifactoryDetector"
    },
    {
      "name": "AWSKeyDetector"
    },
    {
      "name": "AzureStorageKeyDetector"
    },
    {
      "name": "Base64HighEntropyString",
      "limit": 4.5
    },
    {
      "name": "BasicAuthDetector"
    },
    {
      "name": "CloudantDetector"
    },
    {
      "name": "DiscordBotTokenDetector"
    },
    {
      "name": "GitHubTokenDetector"
    },
    {
      "name": "GitLabTokenDetector"
    },
    {
      "name": "HexHighEntropyString",
      "limit": 3.0
    },
    {
      "name": "IbmCloudIamDetector"
    },
    {
      "name": "IbmCosHmacDetector"
    },
    {
      "name": "IPPublicDetector"
    },
    {
      "name": "JwtTokenDetector"
    },
    {
      "name": "KeywordDetector",
      "keyword_exclude": ""
    },
    {
      "name": "MailchimpDetector"
    },
    {
      "name": "NpmDetector"
    },
    {
      "name": "OpenAIDetector"
    },
    {
      "name": "PrivateKeyDetector"
    },
    {
      "name": "PypiTokenDetector"
    },
    {
      "name": "SendGridDetector"
    },
    {
      "name": "SlackDetector"
    },
    {
      "name": "SoftlayerDetector"
    },
    {
      "name": "SquareOAuthDetector"
    },
    {
      "name": "StripeDetector"
    },
    {
      "name": "TelegramBotTokenDetector"
    },
    {
      "name": "TwilioKeyDetector"
    }
  ],
  "filters_used": [
    {
      "path": "detect_secrets.filters.allowlist.is_line_allowlisted"
    },
    {
      "path": "detect_secrets.filters.common.is_baseline_file",
      "filename": ".secrets.baseline"
    },
    {
      "path": "detect_secrets.filters.common.is_ignored_due_to_verification_policies",
      "min_level": 2
    },
    {
      "path": "detect_secrets.filters.heuristic.is_indirect_reference"
    },
    {
      "path": "detect_secrets.filters.heuristic.is_likely_id_string"
    },
    {
      "path": "detect_secrets.filters.heuristic.is_lock_file"
    },
    {
      "path": "detect_secrets.filters.heuristic.is_not_alphanumeric_string"
    },
    {
      "path": "detect_secrets.filters.heuristic.is_potential_uuid"
    },
    {
      "path": "detect_secrets.filters.heuristic.is_prefixed_with_dollar_sign"
    },
    {
      "path": "detect_secrets.filters.heuristic.is_sequential_string"
    },
    {
      "path": "detect_secrets.filters.heuristic.is_swagger_file"
    },
    {
      "path": "detect_secrets.filters.heuristic.is_templated_secret"
    }
  ],
  "results": {
    "Makefile": [
      {
        "type": "Secret Keyword",
        "filename": "Makefile",
        "hashed_secret": "e441659cd1b30148c99024a81228d16b63f772af",
        "is_verified": false,
        "line_number": 49
      }
    ],
    "artifacts/phase-gates/phase-15.11.json": [
      {
        "type": "Hex High Entropy String",
        "filename": "artifacts/phase-gates/phase-15.11.json",
        "hashed_secret": "748d4d487beaa6f62e7a01c7a04a04a9059cfe00",
        "is_verified": false,
        "line_number": 9
      },
      {
        "type": "Hex High Entropy String",
        "filename": "artifacts/phase-gates/phase-15.11.json",
        "hashed_secret": "a8f39e58ef3c2be6fc5120aa399665ecf428eefc",
        "is_verified": false,
        "line_number": 14
      },
      {
        "type": "Hex High Entropy String",
        "filename": "artifacts/phase-gates/phase-15.11.json",
        "hashed_secret": "d70bf1c92cfbcba5e16396e5dc5a5178799e7696",
        "is_verified": false,
        "line_number": 15
      },
      {
        "type": "Hex High Entropy String",
        "filename": "artifacts/phase-gates/phase-15.11.json",
        "hashed_secret": "b9511ba0e8f68c13c72556a0f6422a5e3ec0bbd1",
        "is_verified": false,
        "line_number": 23
      }
    ],
    "artifacts/phase-gates/reports/remote-private-mcp-feedback.json": [
      {
        "type": "Hex High Entropy String",
        "filename": "artifacts/phase-gates/reports/remote-private-mcp-feedback.json",
        "hashed_secret": "2706545dabe6306f90ee46d3fde2022fd03bca8d",
        "is_verified": false,
        "line_number": 130
      },
      {
        "type": "Hex High Entropy String",
        "filename": "artifacts/phase-gates/reports/remote-private-mcp-feedback.json",
        "hashed_secret": "7af64df80becf236f5856d4ead494e90a14c898f",
        "is_verified": false,
        "line_number": 131
      },
      {
        "type": "Hex High Entropy String",
        "filename": "artifacts/phase-gates/reports/remote-private-mcp-feedback.json",
        "hashed_secret": "84c39c970253fac231ff0f08d57bf7c2a279fac9",
        "is_verified": false,
        "line_number": 132
      }
    ],
    "examples/courses/with-eval/evals/fixtures/buggy_pr.diff": [
      {
        "type": "Secret Keyword",
        "filename": "examples/courses/with-eval/evals/fixtures/buggy_pr.diff",
        "hashed_secret": "ca8ca53d5945c9322b31df362c02bb8323d49d99",
        "is_verified": false,
        "line_number": 9
      }
    ],
    "packages/agent-proving-ground/tests/integration/test_identity_oauth_e2e.py": [
      {
        "type": "Secret Keyword",
        "filename": "packages/agent-proving-ground/tests/integration/test_identity_oauth_e2e.py",
        "hashed_secret": "0f674908b6342fcf2a9842d04699cb008d57d399",
        "is_verified": false,
        "line_number": 16
      }
    ],
    "packages/agent-proving-ground/tests/integration/test_runner.py": [
      {
        "type": "Secret Keyword",
        "filename": "packages/agent-proving-ground/tests/integration/test_runner.py",
        "hashed_secret": "e8fad28c0c5113c1037a9dab65eadf6b9f1ad578",
        "is_verified": false,
        "line_number": 228
      }
    ],
    "packages/agent-proving-ground/tests/unit/test_api_adapters.py": [
      {
        "type": "Secret Keyword",
        "filename": "packages/agent-proving-ground/tests/unit/test_api_adapters.py",
        "hashed_secret": "c4500bc21dd3e24396a71057ff3c54bfb098149d",
        "is_verified": false,
        "line_number": 206
      },
      {
        "type": "Secret Keyword",
        "filename": "packages/agent-proving-ground/tests/unit/test_api_adapters.py",
        "hashed_secret": "caddeb43b54c6b677ef485cb2d56c386dbd95328",
        "is_verified": false,
        "line_number": 209
      }
    ],
    "packages/agent-proving-ground/tests/unit/test_queries.py": [
      {
        "type": "Secret Keyword",
        "filename": "packages/agent-proving-ground/tests/unit/test_queries.py",
        "hashed_secret": "0f674908b6342fcf2a9842d04699cb008d57d399",
        "is_verified": false,
        "line_number": 18
      }
    ],
    "packages/agent-proving-ground/tests/unit/test_real_drivers.py": [
      {
        "type": "Secret Keyword",
        "filename": "packages/agent-proving-ground/tests/unit/test_real_drivers.py",
        "hashed_secret": "be410afe639d20f61b3b95612d352fe3727a7fdb",
        "is_verified": false,
        "line_number": 211
      }
    ],
    "packages/agent-proving-ground/tests/unit/test_resource_queries.py": [
      {
        "type": "Secret Keyword",
        "filename": "packages/agent-proving-ground/tests/unit/test_resource_queries.py",
        "hashed_secret": "0f674908b6342fcf2a9842d04699cb008d57d399",
        "is_verified": false,
        "line_number": 20
      }
    ],
    "packages/cli/tests/test_cli_identity_onboarding.py": [
      {
        "type": "Secret Keyword",
        "filename": "packages/cli/tests/test_cli_identity_onboarding.py",
        "hashed_secret": "b80f7b71b657bd7644d701f5c51e684f9693e57c",
        "is_verified": false,
        "line_number": 94
      },
      {
        "type": "Secret Keyword",
        "filename": "packages/cli/tests/test_cli_identity_onboarding.py",
        "hashed_secret": "0cf0ae03442e2d3818f3253970be6713336bf3a3",
        "is_verified": false,
        "line_number": 95
      },
      {
        "type": "Secret Keyword",
        "filename": "packages/cli/tests/test_cli_identity_onboarding.py",
        "hashed_secret": "f953298876f062f1e31ec1a795f2013db8825b00",
        "is_verified": false,
        "line_number": 150
      },
      {
        "type": "Secret Keyword",
        "filename": "packages/cli/tests/test_cli_identity_onboarding.py",
        "hashed_secret": "ded032b003de0f904162a2d125d9385a908af251",
        "is_verified": false,
        "line_number": 155
      },
      {
        "type": "Secret Keyword",
        "filename": "packages/cli/tests/test_cli_identity_onboarding.py",
        "hashed_secret": "c6cc81412d780c3748de6daf607741772e02ca47",
        "is_verified": false,
        "line_number": 156
      }
    ],
    "packages/client/README.md": [
      {
        "type": "Secret Keyword",
        "filename": "packages/client/README.md",
        "hashed_secret": "354b3a4b7715d3694c88a4fa7db49e41de86568e",
        "is_verified": false,
        "line_number": 36
      },
      {
        "type": "Secret Keyword",
        "filename": "packages/client/README.md",
        "hashed_secret": "f86a591d8bf557d24e63305f9922b1a716f07be3",
        "is_verified": false,
        "line_number": 67
      },
      {
        "type": "Secret Keyword",
        "filename": "packages/client/README.md",
        "hashed_secret": "62415a00ab225de83d17328eec13aa386fec369b",
        "is_verified": false,
        "line_number": 128
      }
    ],
    "packages/client/tests/test_client_init.py": [
      {
        "type": "Secret Keyword",
        "filename": "packages/client/tests/test_client_init.py",
        "hashed_secret": "792d3f774acae3b4f67728deb43c70c67a408d8a",
        "is_verified": false,
        "line_number": 24
      },
      {
        "type": "Secret Keyword",
        "filename": "packages/client/tests/test_client_init.py",
        "hashed_secret": "f695b0bd43703f8673cb82d26cde683e7a0fadea",
        "is_verified": false,
        "line_number": 61
      },
      {
        "type": "Secret Keyword",
        "filename": "packages/client/tests/test_client_init.py",
        "hashed_secret": "d5bc5015ba84dfab1587b306a027052c3d44e2e0",
        "is_verified": false,
        "line_number": 80
      }
    ],
    "packages/client/tests/test_config.py": [
      {
        "type": "Secret Keyword",
        "filename": "packages/client/tests/test_config.py",
        "hashed_secret": "d5bc5015ba84dfab1587b306a027052c3d44e2e0",
        "is_verified": false,
        "line_number": 41
      },
      {
        "type": "Secret Keyword",
        "filename": "packages/client/tests/test_config.py",
        "hashed_secret": "0b8d37ac0768fc1fc701b0c5e8d2af6d3cb3856b",
        "is_verified": false,
        "line_number": 56
      },
      {
        "type": "Secret Keyword",
        "filename": "packages/client/tests/test_config.py",
        "hashed_secret": "792d3f774acae3b4f67728deb43c70c67a408d8a",
        "is_verified": false,
        "line_number": 97
      }
    ],
    "packages/client/tests/test_v1_resources.py": [
      {
        "type": "Secret Keyword",
        "filename": "packages/client/tests/test_v1_resources.py",
        "hashed_secret": "f2b14f68eb995facb3a1c35287b778d5bd785511",
        "is_verified": false,
        "line_number": 354
      }
    ],
    "packages/indexer/tests/test_cli_diagnostics.py": [
      {
        "type": "Secret Keyword",
        "filename": "packages/indexer/tests/test_cli_diagnostics.py",
        "hashed_secret": "a8e817057be6d0172e418703d2cd1c3ab162c7ff",
        "is_verified": false,
        "line_number": 76
      }
    ],
    "packages/indexer/tests/test_enrichment.py": [
      {
        "type": "Base64 High Entropy String",
        "filename": "packages/indexer/tests/test_enrichment.py",
        "hashed_secret": "e4083d27baa64488a3682f39509b2eb77be154b9",
        "is_verified": false,
        "line_number": 33
      },
      {
        "type": "Base64 High Entropy String",
        "filename": "packages/indexer/tests/test_enrichment.py",
        "hashed_secret": "77e32a93ca773f534bc3978ff4c7287a172769c7",
        "is_verified": false,
        "line_number": 39
      }
    ],
    "packages/indexer/tests/test_github_direct.py": [
      {
        "type": "Base64 High Entropy String",
        "filename": "packages/indexer/tests/test_github_direct.py",
        "hashed_secret": "e4083d27baa64488a3682f39509b2eb77be154b9",
        "is_verified": false,
        "line_number": 43
      },
      {
        "type": "Base64 High Entropy String",
        "filename": "packages/indexer/tests/test_github_direct.py",
        "hashed_secret": "77e32a93ca773f534bc3978ff4c7287a172769c7",
        "is_verified": false,
        "line_number": 50
      }
    ],
    "packages/indexer/tests/test_pusher.py": [
      {
        "type": "Secret Keyword",
        "filename": "packages/indexer/tests/test_pusher.py",
        "hashed_secret": "440c36c43f711936dafe0325b3394f97d88045c1",
        "is_verified": false,
        "line_number": 220
      }
    ],
    "packages/scanners/tests/fixtures/obfuscation/hidden.py": [
      {
        "type": "Base64 High Entropy String",
        "filename": "packages/scanners/tests/fixtures/obfuscation/hidden.py",
        "hashed_secret": "c2f32690b117adc903ddf63a5a39d34e13ce8e0d",
        "is_verified": false,
        "line_number": 2
      }
    ],
    "packages/scanners/tests/fixtures/secrets_detection/config.py": [
      {
        "type": "AWS Access Key",
        "filename": "packages/scanners/tests/fixtures/secrets_detection/config.py",
        "hashed_secret": "25910f981e85ca04baf359199dd0bd4a3ae738b6",
        "is_verified": false,
        "line_number": 2
      },
      {
        "type": "Base64 High Entropy String",
        "filename": "packages/scanners/tests/fixtures/secrets_detection/config.py",
        "hashed_secret": "cb49daff5962744f1ebee4fc2809c03933ad990a",
        "is_verified": false,
        "line_number": 3
      },
      {
        "type": "GitHub Token",
        "filename": "packages/scanners/tests/fixtures/secrets_detection/config.py",
        "hashed_secret": "e175c6f5f2a92e8623bd9a4820edb4e8c1b0fd10",
        "is_verified": false,
        "line_number": 3
      },
      {
        "type": "Basic Auth Credentials",
        "filename": "packages/scanners/tests/fixtures/secrets_detection/config.py",
        "hashed_secret": "e1dae70932bf4822de42623e7d51c1abc5761ba0",
        "is_verified": false,
        "line_number": 4
      },
      {
        "type": "Base64 High Entropy String",
        "filename": "packages/scanners/tests/fixtures/secrets_detection/config.py",
        "hashed_secret": "f2f299652da692a14dd507dea5a2a3225dd098fb",
        "is_verified": false,
        "line_number": 5
      },
      {
        "type": "Hex High Entropy String",
        "filename": "packages/scanners/tests/fixtures/secrets_detection/config.py",
        "hashed_secret": "125fbc14773f228e72f16d55be21bad750d30b19",
        "is_verified": false,
        "line_number": 6
      },
      {
        "type": "Secret Keyword",
        "filename": "packages/scanners/tests/fixtures/secrets_detection/config.py",
        "hashed_secret": "125fbc14773f228e72f16d55be21bad750d30b19",
        "is_verified": false,
        "line_number": 6
      },
      {
        "type": "Secret Keyword",
        "filename": "packages/scanners/tests/fixtures/secrets_detection/config.py",
        "hashed_secret": "92317750de89377ba5097edf8bfcef17784eae33",
        "is_verified": false,
        "line_number": 7
      }
    ],
    "protocol-specs/UPSTREAM.lock.json": [
      {
        "type": "Hex High Entropy String",
        "filename": "protocol-specs/UPSTREAM.lock.json",
        "hashed_secret": "27b35bdef44e549ea0a9713b3a5cd159eeb2c1ad",
        "is_verified": false,
        "line_number": 5
      },
      {
        "type": "Hex High Entropy String",
        "filename": "protocol-specs/UPSTREAM.lock.json",
        "hashed_secret": "1760a832fad4856afff4caa93972981f69488830",
        "is_verified": false,
        "line_number": 12
      },
      {
        "type": "Hex High Entropy String",
        "filename": "protocol-specs/UPSTREAM.lock.json",
        "hashed_secret": "eb605a2cef8f5377039f87127d0f674f96caf734",
        "is_verified": false,
        "line_number": 17
      },
      {
        "type": "Hex High Entropy String",
        "filename": "protocol-specs/UPSTREAM.lock.json",
        "hashed_secret": "a4ec791c9a9cc35d148f44b56f5f75124552011d",
        "is_verified": false,
        "line_number": 22
      },
      {
        "type": "Hex High Entropy String",
        "filename": "protocol-specs/UPSTREAM.lock.json",
        "hashed_secret": "d96aa4936391b5be4de382ca3efd635037df4c86",
        "is_verified": false,
        "line_number": 27
      },
      {
        "type": "Hex High Entropy String",
        "filename": "protocol-specs/UPSTREAM.lock.json",
        "hashed_secret": "960266a36cfc691876e01646bf235c237755233b",
        "is_verified": false,
        "line_number": 33
      },
      {
        "type": "Hex High Entropy String",
        "filename": "protocol-specs/UPSTREAM.lock.json",
        "hashed_secret": "3d55b72206c532cfb30766c720a7f0bdf9cbffe0",
        "is_verified": false,
        "line_number": 40
      },
      {
        "type": "Hex High Entropy String",
        "filename": "protocol-specs/UPSTREAM.lock.json",
        "hashed_secret": "cf56b1d7270c19af9c9a2e46ec31a0a45778e3c8",
        "is_verified": false,
        "line_number": 45
      },
      {
        "type": "Hex High Entropy String",
        "filename": "protocol-specs/UPSTREAM.lock.json",
        "hashed_secret": "48064f7d7f1c43272ece380b76f93adb925f8573",
        "is_verified": false,
        "line_number": 50
      },
      {
        "type": "Hex High Entropy String",
        "filename": "protocol-specs/UPSTREAM.lock.json",
        "hashed_secret": "3cfe2ff1b980ccecee748e703b5c78f29f6c240c",
        "is_verified": false,
        "line_number": 55
      },
      {
        "type": "Hex High Entropy String",
        "filename": "protocol-specs/UPSTREAM.lock.json",
        "hashed_secret": "f5ea36140e8716310d1ecde0bcedce7e9278bdb0",
        "is_verified": false,
        "line_number": 60
      },
      {
        "type": "Hex High Entropy String",
        "filename": "protocol-specs/UPSTREAM.lock.json",
        "hashed_secret": "184880515701ddc0bc0cfd68533da393c8c7a7f1",
        "is_verified": false,
        "line_number": 65
      },
      {
        "type": "Hex High Entropy String",
        "filename": "protocol-specs/UPSTREAM.lock.json",
        "hashed_secret": "09f6478ceac5554024ef05741c20e0336be8f716",
        "is_verified": false,
        "line_number": 70
      },
      {
        "type": "Hex High Entropy String",
        "filename": "protocol-specs/UPSTREAM.lock.json",
        "hashed_secret": "5dd8713070e56c58c0d905cace5ae04897d8a0fd",
        "is_verified": false,
        "line_number": 75
      }
    ]
  },
  "generated_at": "2026-08-19T02:14:17Z"
}
