{
  "version": "1.5.0",
  "plugins_used": [
    {
      "name": "ArtifactoryDetector"
    },
    {
      "name": "AWSKeyDetector"
    },
    {
      "name": "AzureStorageKeyDetector"
    },
    {
      "name": "Base64HighEntropyString",
      "limit": 4.5
    },
    {
      "name": "BasicAuthDetector"
    },
    {
      "name": "CloudantDetector"
    },
    {
      "name": "DiscordBotTokenDetector"
    },
    {
      "name": "GitHubTokenDetector"
    },
    {
      "name": "GitLabTokenDetector"
    },
    {
      "name": "HexHighEntropyString",
      "limit": 3.0
    },
    {
      "name": "IbmCloudIamDetector"
    },
    {
      "name": "IbmCosHmacDetector"
    },
    {
      "name": "IPPublicDetector"
    },
    {
      "name": "JwtTokenDetector"
    },
    {
      "name": "KeywordDetector",
      "keyword_exclude": ""
    },
    {
      "name": "MailchimpDetector"
    },
    {
      "name": "NpmDetector"
    },
    {
      "name": "OpenAIDetector"
    },
    {
      "name": "PrivateKeyDetector"
    },
    {
      "name": "PypiTokenDetector"
    },
    {
      "name": "SendGridDetector"
    },
    {
      "name": "SlackDetector"
    },
    {
      "name": "SoftlayerDetector"
    },
    {
      "name": "SquareOAuthDetector"
    },
    {
      "name": "StripeDetector"
    },
    {
      "name": "TelegramBotTokenDetector"
    },
    {
      "name": "TwilioKeyDetector"
    }
  ],
  "filters_used": [
    {
      "path": "detect_secrets.filters.allowlist.is_line_allowlisted"
    },
    {
      "path": "detect_secrets.filters.common.is_baseline_file",
      "filename": ".secrets.baseline"
    },
    {
      "path": "detect_secrets.filters.common.is_ignored_due_to_verification_policies",
      "min_level": 2
    },
    {
      "path": "detect_secrets.filters.heuristic.is_indirect_reference"
    },
    {
      "path": "detect_secrets.filters.heuristic.is_likely_id_string"
    },
    {
      "path": "detect_secrets.filters.heuristic.is_lock_file"
    },
    {
      "path": "detect_secrets.filters.heuristic.is_not_alphanumeric_string"
    },
    {
      "path": "detect_secrets.filters.heuristic.is_potential_uuid"
    },
    {
      "path": "detect_secrets.filters.heuristic.is_prefixed_with_dollar_sign"
    },
    {
      "path": "detect_secrets.filters.heuristic.is_sequential_string"
    },
    {
      "path": "detect_secrets.filters.heuristic.is_swagger_file"
    },
    {
      "path": "detect_secrets.filters.heuristic.is_templated_secret"
    }
  ],
  "results": {
    "Makefile": [
      {
        "type": "Secret Keyword",
        "filename": "Makefile",
        "hashed_secret": "e441659cd1b30148c99024a81228d16b63f772af",
        "is_verified": false,
        "line_number": 44
      }
    ],
    "examples/courses/with-eval/evals/fixtures/buggy_pr.diff": [
      {
        "type": "Secret Keyword",
        "filename": "examples/courses/with-eval/evals/fixtures/buggy_pr.diff",
        "hashed_secret": "ca8ca53d5945c9322b31df362c02bb8323d49d99",
        "is_verified": false,
        "line_number": 9
      }
    ],
    "packages/client/README.md": [
      {
        "type": "Secret Keyword",
        "filename": "packages/client/README.md",
        "hashed_secret": "354b3a4b7715d3694c88a4fa7db49e41de86568e",
        "is_verified": false,
        "line_number": 36
      },
      {
        "type": "Secret Keyword",
        "filename": "packages/client/README.md",
        "hashed_secret": "f86a591d8bf557d24e63305f9922b1a716f07be3",
        "is_verified": false,
        "line_number": 67
      },
      {
        "type": "Secret Keyword",
        "filename": "packages/client/README.md",
        "hashed_secret": "62415a00ab225de83d17328eec13aa386fec369b",
        "is_verified": false,
        "line_number": 128
      }
    ],
    "packages/client/tests/test_client_init.py": [
      {
        "type": "Secret Keyword",
        "filename": "packages/client/tests/test_client_init.py",
        "hashed_secret": "792d3f774acae3b4f67728deb43c70c67a408d8a",
        "is_verified": false,
        "line_number": 24
      },
      {
        "type": "Secret Keyword",
        "filename": "packages/client/tests/test_client_init.py",
        "hashed_secret": "f695b0bd43703f8673cb82d26cde683e7a0fadea",
        "is_verified": false,
        "line_number": 61
      },
      {
        "type": "Secret Keyword",
        "filename": "packages/client/tests/test_client_init.py",
        "hashed_secret": "d5bc5015ba84dfab1587b306a027052c3d44e2e0",
        "is_verified": false,
        "line_number": 80
      }
    ],
    "packages/client/tests/test_config.py": [
      {
        "type": "Secret Keyword",
        "filename": "packages/client/tests/test_config.py",
        "hashed_secret": "d5bc5015ba84dfab1587b306a027052c3d44e2e0",
        "is_verified": false,
        "line_number": 41
      },
      {
        "type": "Secret Keyword",
        "filename": "packages/client/tests/test_config.py",
        "hashed_secret": "0b8d37ac0768fc1fc701b0c5e8d2af6d3cb3856b",
        "is_verified": false,
        "line_number": 56
      },
      {
        "type": "Secret Keyword",
        "filename": "packages/client/tests/test_config.py",
        "hashed_secret": "792d3f774acae3b4f67728deb43c70c67a408d8a",
        "is_verified": false,
        "line_number": 97
      }
    ],
    "packages/client/tests/test_v1_resources.py": [
      {
        "type": "Secret Keyword",
        "filename": "packages/client/tests/test_v1_resources.py",
        "hashed_secret": "f2b14f68eb995facb3a1c35287b778d5bd785511",
        "is_verified": false,
        "line_number": 327
      }
    ],
    "packages/scanners/tests/fixtures/obfuscation/hidden.py": [
      {
        "type": "Base64 High Entropy String",
        "filename": "packages/scanners/tests/fixtures/obfuscation/hidden.py",
        "hashed_secret": "c2f32690b117adc903ddf63a5a39d34e13ce8e0d",
        "is_verified": false,
        "line_number": 2
      }
    ],
    "packages/scanners/tests/fixtures/secrets_detection/config.py": [
      {
        "type": "AWS Access Key",
        "filename": "packages/scanners/tests/fixtures/secrets_detection/config.py",
        "hashed_secret": "25910f981e85ca04baf359199dd0bd4a3ae738b6",
        "is_verified": false,
        "line_number": 2
      },
      {
        "type": "Base64 High Entropy String",
        "filename": "packages/scanners/tests/fixtures/secrets_detection/config.py",
        "hashed_secret": "cb49daff5962744f1ebee4fc2809c03933ad990a",
        "is_verified": false,
        "line_number": 3
      },
      {
        "type": "GitHub Token",
        "filename": "packages/scanners/tests/fixtures/secrets_detection/config.py",
        "hashed_secret": "e175c6f5f2a92e8623bd9a4820edb4e8c1b0fd10",
        "is_verified": false,
        "line_number": 3
      },
      {
        "type": "Basic Auth Credentials",
        "filename": "packages/scanners/tests/fixtures/secrets_detection/config.py",
        "hashed_secret": "e1dae70932bf4822de42623e7d51c1abc5761ba0",
        "is_verified": false,
        "line_number": 4
      },
      {
        "type": "Base64 High Entropy String",
        "filename": "packages/scanners/tests/fixtures/secrets_detection/config.py",
        "hashed_secret": "f2f299652da692a14dd507dea5a2a3225dd098fb",
        "is_verified": false,
        "line_number": 5
      },
      {
        "type": "Hex High Entropy String",
        "filename": "packages/scanners/tests/fixtures/secrets_detection/config.py",
        "hashed_secret": "125fbc14773f228e72f16d55be21bad750d30b19",
        "is_verified": false,
        "line_number": 6
      },
      {
        "type": "Secret Keyword",
        "filename": "packages/scanners/tests/fixtures/secrets_detection/config.py",
        "hashed_secret": "125fbc14773f228e72f16d55be21bad750d30b19",
        "is_verified": false,
        "line_number": 6
      },
      {
        "type": "Secret Keyword",
        "filename": "packages/scanners/tests/fixtures/secrets_detection/config.py",
        "hashed_secret": "92317750de89377ba5097edf8bfcef17784eae33",
        "is_verified": false,
        "line_number": 7
      }
    ],
    "releases/manifest-latest.json": [
      {
        "type": "Hex High Entropy String",
        "filename": "releases/manifest-latest.json",
        "hashed_secret": "9b8547908309db99a7c809c23c215ea5c22bfe51",
        "is_verified": false,
        "line_number": 14
      },
      {
        "type": "Hex High Entropy String",
        "filename": "releases/manifest-latest.json",
        "hashed_secret": "b5e02e34150983cab7cfc9beaa49c428328b48c0",
        "is_verified": false,
        "line_number": 24
      },
      {
        "type": "Hex High Entropy String",
        "filename": "releases/manifest-latest.json",
        "hashed_secret": "c25c912ac6921600ce61c5af9830df15162e9164",
        "is_verified": false,
        "line_number": 30
      }
    ],
    "releases/manifest-stable.json": [
      {
        "type": "Hex High Entropy String",
        "filename": "releases/manifest-stable.json",
        "hashed_secret": "9b8547908309db99a7c809c23c215ea5c22bfe51",
        "is_verified": false,
        "line_number": 14
      },
      {
        "type": "Hex High Entropy String",
        "filename": "releases/manifest-stable.json",
        "hashed_secret": "b5e02e34150983cab7cfc9beaa49c428328b48c0",
        "is_verified": false,
        "line_number": 24
      },
      {
        "type": "Hex High Entropy String",
        "filename": "releases/manifest-stable.json",
        "hashed_secret": "c25c912ac6921600ce61c5af9830df15162e9164",
        "is_verified": false,
        "line_number": 30
      }
    ]
  },
  "generated_at": "2026-06-29T00:11:19Z"
}
